initial warmup failed: All impersonation profiles failed warm-up: ['chrome110', 'safari17_0']: GET https://www.makemytrip.com/ failed after 3 retries: Failed to perform, curl: (92) HTTP/2 stream 5 was not closed cleanly: INTERNAL_ERROR (err 2). See https://curl.se/libcurl/c/libcurl-errors.html first for more details.
[1/22] SKIP my-space-express-balaji-paradise (no candidates)
[2/22] SKIP my-space-express-pushap-villa (no candidates)
[3/22] BLOCKED my-space-signature-ocean-prosper (egress hardened)
[4/22] SKIP myspace-banari-residency (no candidates)
[5/22] SKIP myspace-chindanur-chitradurga (no candidates)
[6/22] SKIP myspace-express-aalaya (no candidates)
[7/22] SKIP myspace-express-astar-amritsar (no candidates)
[8/22] SKIP myspace-express-balaji-residency (no candidates)
[9/22] SKIP myspace-forest-keys-bengaluru (no candidates)
[10/22] SKIP myspace-gd-inn-indiranagar-bangalore (no candidates)
[11/22] BLOCKED myspace-hotel-shree-vaibhav-nagpur (egress hardened)
[12/22] BLOCKED myspace-hotel-wonder-stay-brookfield (egress hardened)
[13/22] SKIP myspace-jagalur-mahalingappa-residency (no candidates)
[14/22] SKIP myspace-kadison-davanagere (no candidates)
[15/22] SKIP myspace-kenilworth (no candidates)
[16/22] SKIP myspace-ravenkar-comforts (no candidates)
[17/22] SKIP myspace-saroja-suitees-kalaburagi (no candidates)
[18/22] SKIP myspace-silverstar-gandhinagar-bengaluru (no candidates)
[19/22] SKIP myspace-tattwa-grand (no candidates)
[20/22] BLOCKED myspace-triton-suits-hotel (egress hardened)
[21/22] BLOCKED vybe-hotel-bidar (egress hardened)
[22/22] BLOCKED ezzenza-swarg-by-beas-golf-resort (egress hardened)

Extracted 0/22 → experiments/gdhotels_2026-05-11/details/
